// Vitest Snapshot v1, https://vitest.dev/guide/snapshot.html

exports[`getAutocorrelationChart > check jsgraph chart 1`] = `
{
  "color": [
    "rgb(204,204,204)",
    "rgb(204,204,204)",
    "rgb(204,204,204)",
    "rgb(204,204,204)",
  ],
  "styles": {
    "selected": {
      "lineStyle": 1,
      "lineWidth": 3,
    },
    "unselected": {
      "lineStyle": 1,
      "lineWidth": 1,
    },
  },
  "type": "color",
  "x": [
    0,
    1,
    2,
    3,
  ],
  "y": [
    2,
    4,
    5.5,
    3.75,
  ],
}
`;
