// Vitest Snapshot v1, https://vitest.dev/guide/snapshot.html

exports[`getBoxPlotChart 1`] = `
{
  "annotations": [
    {
      "layer": 0,
      "properties": {
        "fillColor": "#000",
        "fillOpacity": 0.3,
        "position": [
          {
            "x": 10,
            "y": 2,
          },
          {
            "x": 20,
            "y": 3,
          },
          {
            "x": 30,
            "y": 4,
          },
          {
            "x": 30,
            "y": 6,
          },
          {
            "x": 20,
            "y": 5,
          },
          {
            "x": 10,
            "y": 4,
          },
        ],
        "strokeWidth": 1e-7,
      },
      "type": "polygon",
    },
    {
      "layer": 0,
      "properties": {
        "fillColor": "#000",
        "fillOpacity": 0.15,
        "position": [
          {
            "x": 10,
            "y": 1,
          },
          {
            "x": 20,
            "y": 2,
          },
          {
            "x": 30,
            "y": 3,
          },
          {
            "x": 30,
            "y": 8,
          },
          {
            "x": 20,
            "y": 7,
          },
          {
            "x": 10,
            "y": 6,
          },
        ],
        "strokeColor": "#FFF",
        "strokeWidth": 1e-7,
      },
      "type": "polygon",
    },
  ],
  "data": {
    "color": [
      "#000",
      "#000",
      "#000",
    ],
    "x": [
      10,
      20,
      30,
    ],
    "y": [
      3,
      4,
      5,
    ],
  },
  "styles": {
    "selected": {
      "lineStyle": 1,
      "lineWidth": 3,
    },
    "unselected": {
      "lineStyle": 1,
      "lineWidth": 3,
    },
  },
  "type": "color",
}
`;
